// Jest Snapshot v1, https://goo.gl/fbAQLP

exports[`builds a module which exports an array of its imports 1`] = `
Array [
  Object {
    "fileToTransform": "./module-array.js",
    "options": Object {
      "bindings": Array [
        "second",
        "first$2",
        "first",
        "second",
        "second$1",
      ],
      "type": "array",
    },
    "transformModule": "@magento/pwa-buildpack/lib/WebpackTools/loaders/export-esm-collection-loader",
    "type": "source",
  },
  Object {
    "fileToTransform": "./module-array.js",
    "options": Object {
      "at": 0,
      "insert": "import first from \\"first\\";
",
    },
    "transformModule": "@magento/pwa-buildpack/lib/WebpackTools/loaders/splice-source-loader",
    "type": "source",
  },
  Object {
    "fileToTransform": "./module-array.js",
    "options": Object {
      "at": 0,
      "insert": "import { second } from \\"second\\";
",
    },
    "transformModule": "@magento/pwa-buildpack/lib/WebpackTools/loaders/splice-source-loader",
    "type": "source",
  },
  Object {
    "fileToTransform": "./module-array.js",
    "options": Object {
      "at": 0,
      "insert": "import { third as second$1 } from \\"third\\";
",
    },
    "transformModule": "@magento/pwa-buildpack/lib/WebpackTools/loaders/splice-source-loader",
    "type": "source",
  },
  Object {
    "fileToTransform": "./module-array.js",
    "options": Object {
      "at": 0,
      "insert": "import { fourth as third } from \\"fourth\\";
",
    },
    "transformModule": "@magento/pwa-buildpack/lib/WebpackTools/loaders/splice-source-loader",
    "type": "source",
  },
  Object {
    "fileToTransform": "./module-array.js",
    "options": Object {
      "at": 0,
      "insert": "import * as first$2 from \\"elsewhere\\";
",
    },
    "transformModule": "@magento/pwa-buildpack/lib/WebpackTools/loaders/splice-source-loader",
    "type": "source",
  },
]
`;

exports[`builds a module which exports an array of its imports 2`] = `
"import * as first$2 from \\"elsewhere\\";
import { fourth as third } from \\"fourth\\";
import { third as second$1 } from \\"third\\";
import { second } from \\"second\\";
import first from \\"first\\";
// generated by export-esm-collection-loader

export default [
  second,
  first$2,
  first,
  second,
  second$1
];"
`;
